
constraint_substitutions.hs:4:5: warning: [-Wtyped-holes (in -Wdefault)]
    • Found hole: _ :: [a] -> a
      Where: ‘a’ is a rigid type variable bound by
               the type signature for:
                 g :: forall a. Ord a => [a] -> a
               at constraint_substitutions.hs:3:1-22
    • In the expression: _
      In an equation for ‘g’: g = _
    • Relevant bindings include
        g :: [a] -> a (bound at constraint_substitutions.hs:4:1)
      Constraints include Ord a (from constraint_substitutions.hs:3:1-22)
      Valid substitutions include
        g :: [a] -> a
        maximum :: forall (t :: * -> *).
                   Foldable t =>
                   forall a. Ord a => t a -> a
        minimum :: forall (t :: * -> *).
                   Foldable t =>
                   forall a. Ord a => t a -> a
        head :: forall a. [a] -> a
        last :: forall a. [a] -> a
      Valid refinement substitutions include
        (<$) (_ :: a) (_ :: [a] -> b0)
          where (<$) :: forall (f :: * -> *).
                        Functor f =>
                        forall a b. a -> f b -> f a
        (<*) (_ :: [a] -> a) (_ :: [a] -> b1)
          where (<*) :: forall (f :: * -> *).
                        Applicative f =>
                        forall a b. f a -> f b -> f a
        foldr (_ :: a -> a -> a) (_ :: a)
          where foldr :: forall (t :: * -> *).
                         Foldable t =>
                         forall a b. (a -> b -> b) -> b -> t a -> b
        foldl1 (_ :: a -> a -> a)
          where foldl1 :: forall (t :: * -> *).
                          Foldable t =>
                          forall a. (a -> a -> a) -> t a -> a
        foldr1 (_ :: a -> a -> a)
          where foldr1 :: forall (t :: * -> *).
                          Foldable t =>
                          forall a. (a -> a -> a) -> t a -> a
        foldl (_ :: a -> a -> a) (_ :: a)
          where foldl :: forall (t :: * -> *).
                         Foldable t =>
                         forall b a. (b -> a -> b) -> b -> t a -> b
        head (_ :: [[a] -> a])
          where head :: forall a. [a] -> a
        last (_ :: [[a] -> a])
          where last :: forall a. [a] -> a
        (!!) (_ :: [[a] -> a]) (_ :: Int)
          where (!!) :: forall a. [a] -> Int -> a
        asTypeOf (_ :: [a] -> a) (_ :: [a] -> a)
          where asTypeOf :: forall a. a -> a -> a
        const (_ :: a)
          where const :: forall a b. a -> b -> a
        (=<<) (_ :: a0 -> [a] -> a) (_ :: [a] -> a0)
          where (=<<) :: forall (m :: * -> *) a b.
                         Monad m =>
                         (a -> m b) -> m a -> m b
        (.) (_ :: b2 -> a) (_ :: [a] -> b2)
          where (.) :: forall b c a. (b -> c) -> (a -> b) -> a -> c
        uncurry (_ :: a1 -> b3 -> [a] -> a) (_ :: (a1, b3))
          where uncurry :: forall a b c. (a -> b -> c) -> (a, b) -> c
        (<*>) (_ :: [a] -> a2 -> a) (_ :: [a] -> a2)
          where (<*>) :: forall (f :: * -> *).
                         Applicative f =>
                         forall a b. f (a -> b) -> f a -> f b
        return (_ :: a)
          where return :: forall (m :: * -> *). Monad m => forall a. a -> m a
        pure (_ :: a)
          where pure :: forall (f :: * -> *).
                        Applicative f =>
                        forall a. a -> f a
        fmap (_ :: a3 -> a) (_ :: [a] -> a3)
          where fmap :: forall (f :: * -> *).
                        Functor f =>
                        forall a b. (a -> b) -> f a -> f b
        (<$>) (_ :: a4 -> a) (_ :: [a] -> a4)
          where (<$>) :: forall (f :: * -> *) a b.
                         Functor f =>
                         (a -> b) -> f a -> f b
        (>>) (_ :: [a] -> a5) (_ :: [a] -> a)
          where (>>) :: forall (m :: * -> *).
                        Monad m =>
                        forall a b. m a -> m b -> m b
        (*>) (_ :: [a] -> a6) (_ :: [a] -> a)
          where (*>) :: forall (f :: * -> *).
                        Applicative f =>
                        forall a b. f a -> f b -> f b
        (>>=) (_ :: [a] -> a7) (_ :: a7 -> [a] -> a)
          where (>>=) :: forall (m :: * -> *).
                         Monad m =>
                         forall a b. m a -> (a -> m b) -> m b
        fail (_ :: String)
          where fail :: forall (m :: * -> *).
                        Monad m =>
                        forall a. String -> m a
        ($) (_ :: [a] -> a)
          where ($) :: forall a b. (a -> b) -> a -> b
        ($!) (_ :: [a] -> a)
          where ($!) :: forall a b. (a -> b) -> a -> b
        id (_ :: [a] -> a)
          where id :: forall a. a -> a
        snd (_ :: (a8, [a] -> a))
          where snd :: forall a b. (a, b) -> b
        fst (_ :: ([a] -> a, b4))
          where fst :: forall a b. (a, b) -> a
